============================================================
LAB 18: PRODUCTION RAG PIPELINE
============================================================

📌 STEP 1: Running Basic RAG Baseline...
----------------------------------------
BASIC RAG BASELINE
.\.venv\Scripts\python.exe : Ignoring wrong pointing object 11 0 (offset 0)
At line:2 char:1
+ .\.venv\Scripts\python.exe -u main.py *> reports/pipeline_run.log
+ ~~~~~~~~~~~~~~~~~~~~~~~~~~~~~~~~~~~~~~~~~~~~~~~~~~~~~~~~~~~~~~~~~
    + CategoryInfo          : NotSpecified: (Ignoring wrong ...11 0 (offset 0):String) [], RemoteException
    + FullyQualifiedErrorId : NativeCommandError

  ⚠️  Bỏ qua BCTC.pdf: PDF scan ảnh, không có text layer (cần OCR).
  ⚠️  Bỏ qua Nghi_dinh_so_13-2023_ve_bao_ve_du_lieu_ca_nhan_508ee.pdf: PDF scan ảnh, không có text layer (cần OCR).

Loading weights:   0%|          | 0/391 [00:00<?, ?it/s]
Loading weights: 100%|██████████| 391/391 [00:00<00:00, 12608.19it/s]

Batches:   0%|          | 0/2 [00:00<?, ?it/s]
Batches:  50%|█████     | 1/2 [00:23<00:23, 23.64s/it]
Batches: 100%|██████████| 2/2 [00:32<00:00, 15.01s/it]
Batches: 100%|██████████| 2/2 [00:32<00:00, 16.31s/it]
[Baseline 1/20] Nhân viên được nghỉ bao nhiêu ngày khi kết hôn?
[Baseline 2/20] Bảo hiểm sức khỏe PVI có hạn mức bao nhiêu cho nhân viên?
[Baseline 3/20] Phụ cấp ăn trưa hàng tháng là bao nhiêu?
[Baseline 4/20] Nhân viên được nghỉ bao nhiêu ngày phép năm?
[Baseline 5/20] Thâm niên bao nhiêu năm thì được cộng thêm ngày phép?
[Baseline 6/20] Mật khẩu phải có tối thiểu bao nhiêu ký tự?
[Baseline 7/20] Bao lâu phải đổi mật khẩu một lần?
[Baseline 8/20] Có cần kích hoạt xác thực đa yếu tố (MFA) không?
[Baseline 9/20] Nhân viên thử việc có được nghỉ phép năm không?
[Baseline 10/20] Khi phát hiện malware trên máy, nhân viên có nên tự xử lý không?
[Baseline 11/20] Nhân viên thử việc có được hưởng bảo hiểm sức khỏe PVI không?
[Baseline 12/20] Một nhân viên Senior có 9 năm thâm niên được nghỉ bao nhiêu ngày
[Baseline 13/20] Nếu cần mua một chiếc laptop 30 triệu cho nhân viên mới, ai phê d
[Baseline 14/20] Nhân viên được tài trợ khóa học 25 triệu, nghỉ việc sau 8 tháng h
[Baseline 15/20] Mentor và buddy của nhân viên mới có thể là cùng một người không?
[Baseline 16/20] Muốn mua thiết bị trị giá 55 triệu cần ai phê duyệt?
[Baseline 17/20] Nhân viên tạm ứng 15 triệu, sau 20 ngày mới thanh toán. Bị phạt b
[Baseline 18/20] Lương thử việc của nhân viên Junior mức cao nhất là bao nhiêu?
[Baseline 19/20] Thông tin lương thuộc cấp độ phân loại dữ liệu nào?
[Baseline 20/20] Nghỉ phép không lương 20 ngày cần ai phê duyệt?

Evaluating:   0%|          | 0/80 [00:00<?, ?it/s]
Evaluating:   1%|▏         | 1/80 [00:02<03:27,  2.63s/it]
Evaluating:   2%|▎         | 2/80 [00:05<03:21,  2.59s/it]
Evaluating:   4%|▍         | 3/80 [00:06<02:22,  1.85s/it]
Evaluating:   5%|▌         | 4/80 [00:06<01:48,  1.43s/it]
Evaluating:   6%|▋         | 5/80 [00:07<01:16,  1.02s/it]
Evaluating:   8%|▊         | 6/80 [00:12<02:50,  2.30s/it]
Evaluating:   9%|▉         | 7/80 [00:12<01:56,  1.59s/it]
Evaluating:  11%|█▏        | 9/80 [00:13<01:21,  1.14s/it]
Evaluating:  12%|█▎        | 10/80 [00:15<01:35,  1.36s/it]
Evaluating:  14%|█▍        | 11/80 [00:16<01:24,  1.22s/it]
Evaluating:  15%|█▌        | 12/80 [00:17<01:17,  1.14s/it]
Evaluating:  16%|█▋        | 13/80 [00:17<00:57,  1.16it/s]
Evaluating:  18%|█▊        | 14/80 [00:17<00:42,  1.55it/s]
Evaluating:  19%|█▉        | 15/80 [00:18<00:53,  1.22it/s]
Evaluating:  20%|██        | 16/80 [00:20<01:02,  1.03it/s]
Evaluating:  21%|██▏       | 17/80 [00:20<00:51,  1.23it/s]
Evaluating:  24%|██▍       | 19/80 [00:22<00:53,  1.13it/s]
Evaluating:  25%|██▌       | 20/80 [00:23<01:02,  1.04s/it]
Evaluating:  28%|██▊       | 22/80 [00:24<00:38,  1.52it/s]
Evaluating:  29%|██▉       | 23/80 [00:28<01:18,  1.38s/it]
Evaluating:  30%|███       | 24/80 [00:29<01:13,  1.30s/it]
Evaluating:  32%|███▎      | 26/80 [00:30<00:55,  1.03s/it]
Evaluating:  34%|███▍      | 27/80 [00:31<00:57,  1.09s/it]
Evaluating:  35%|███▌      | 28/80 [00:31<00:45,  1.14it/s]
Evaluating:  36%|███▋      | 29/80 [00:33<00:48,  1.05it/s]
Evaluating:  38%|███▊      | 30/80 [00:33<00:38,  1.31it/s]
Evaluating:  39%|███▉      | 31/80 [00:34<00:39,  1.23it/s]
Evaluating:  41%|████▏     | 33/80 [00:35<00:33,  1.40it/s]
Evaluating:  42%|████▎     | 34/80 [00:37<00:43,  1.06it/s]
Evaluating:  44%|████▍     | 35/80 [00:38<00:41,  1.08it/s]
Evaluating:  46%|████▋     | 37/80 [00:38<00:30,  1.39it/s]
Evaluating:  48%|████▊     | 38/80 [00:39<00:30,  1.36it/s]
Evaluating:  49%|████▉     | 39/80 [00:41<00:36,  1.11it/s]
Evaluating:  50%|█████     | 40/80 [00:41<00:34,  1.16it/s]
Evaluating:  51%|█████▏    | 41/80 [00:42<00:34,  1.15it/s]
Evaluating:  52%|█████▎    | 42/80 [00:43<00:32,  1.18it/s]
Evaluating:  55%|█████▌    | 44/80 [00:45<00:30,  1.16it/s]
Evaluating:  57%|█████▊    | 46/80 [00:45<00:22,  1.50it/s]
Evaluating:  59%|█████▉    | 47/80 [00:47<00:25,  1.29it/s]
Evaluating:  60%|██████    | 48/80 [00:48<00:29,  1.08it/s]
Evaluating:  61%|██████▏   | 49/80 [00:49<00:25,  1.23it/s]
Evaluating:  62%|██████▎   | 50/80 [00:50<00:27,  1.09it/s]
Evaluating:  65%|██████▌   | 52/80 [00:50<00:16,  1.66it/s]
Evaluating:  66%|██████▋   | 53/80 [00:52<00:21,  1.25it/s]
Evaluating:  68%|██████▊   | 54/80 [00:52<00:16,  1.55it/s]
Evaluating:  69%|██████▉   | 55/80 [00:53<00:19,  1.26it/s]
Evaluating:  70%|███████   | 56/80 [00:54<00:24,  1.00s/it]
Evaluating:  71%|███████▏  | 57/80 [00:55<00:17,  1.32it/s]
Evaluating:  72%|███████▎  | 58/80 [00:55<00:16,  1.31it/s]
Evaluating:  75%|███████▌  | 60/80 [00:56<00:12,  1.62it/s]
Evaluating:  76%|███████▋  | 61/80 [00:57<00:13,  1.43it/s]
Evaluating:  79%|███████▉  | 63/80 [00:58<00:10,  1.67it/s]
Evaluating:  80%|████████  | 64/80 [01:00<00:14,  1.11it/s]
Evaluating:  81%|████████▏ | 65/80 [01:00<00:11,  1.28it/s]
Evaluating:  82%|████████▎ | 66/80 [01:01<00:09,  1.48it/s]
Evaluating:  84%|████████▍ | 67/80 [01:02<00:09,  1.34it/s]
Evaluating:  86%|████████▋ | 69/80 [01:03<00:08,  1.29it/s]
Evaluating:  90%|█████████ | 72/80 [01:05<00:05,  1.57it/s]
Evaluating:  91%|█████████▏| 73/80 [01:05<00:04,  1.63it/s]
Evaluating:  92%|█████████▎| 74/80 [01:07<00:04,  1.35it/s]
Evaluating:  94%|█████████▍| 75/80 [01:07<00:03,  1.32it/s]
Evaluating:  95%|█████████▌| 76/80 [01:08<00:02,  1.35it/s]
Evaluating:  96%|█████████▋| 77/80 [01:10<00:02,  1.03it/s]
Evaluating: 100%|██████████| 80/80 [01:12<00:00,  1.29it/s]
Evaluating: 100%|██████████| 80/80 [01:12<00:00,  1.11it/s]
Report saved to C:\VIN_AI\LAB_18\K4-Track3A-DAY18-NguyenVanHuy-2A202602428-ProductionRAG\reports\naive_baseline_report.json
Baseline evaluation status: success
  faithfulness: 0.7966
  answer_relevancy: 0.4920
  context_precision: 0.9250
  context_recall: 0.8833

📌 STEP 2: Running Production Pipeline...
----------------------------------------
PRODUCTION RAG PIPELINE
Ignoring wrong pointing object 11 0 (offset 0)
  ⚠️  Bỏ qua BCTC.pdf: PDF scan ảnh, không có text layer (cần OCR).
  ⚠️  Bỏ qua Nghi_dinh_so_13-2023_ve_bao_ve_du_lieu_ca_nhan_508ee.pdf: PDF scan ảnh, không có text layer (cần OCR).
[1/4] 26 documents → 121 children, 26 parents
  Enriched 10/121 chunks...
  Enriched 20/121 chunks...
  Enriched 30/121 chunks...
  Enriched 40/121 chunks...
  Enriched 50/121 chunks...
  Enriched 60/121 chunks...
  Enriched 70/121 chunks...
  Enriched 80/121 chunks...
  Enriched 90/121 chunks...
  Enriched 100/121 chunks...
  Enriched 110/121 chunks...
  Enriched 120/121 chunks...
  Enriched 121/121 chunks...
[2/4] Enrichment status: {'success': 121}

Loading weights:   0%|          | 0/391 [00:00<?, ?it/s]
Loading weights: 100%|██████████| 391/391 [00:00<00:00, 13602.62it/s]

Batches:   0%|          | 0/4 [00:00<?, ?it/s]
Batches:  25%|██▌       | 1/4 [00:22<01:06, 22.26s/it]
Batches:  50%|█████     | 2/4 [00:48<00:49, 24.71s/it]
Batches:  75%|███████▌  | 3/4 [01:07<00:22, 22.08s/it]
Batches: 100%|██████████| 4/4 [01:18<00:00, 17.71s/it]
Batches: 100%|██████████| 4/4 [01:18<00:00, 19.66s/it]
[3/4] Hybrid index ready

Loading weights:   0%|          | 0/393 [00:00<?, ?it/s]
Loading weights:   5%|▌         | 20/393 [00:00<00:01, 188.16it/s]
Loading weights:  13%|█▎        | 52/393 [00:00<00:01, 257.76it/s]
Loading weights:  20%|█▉        | 78/393 [00:00<00:01, 229.03it/s]
Loading weights:  26%|██▌       | 102/393 [00:00<00:01, 204.43it/s]
Loading weights:  31%|███▏      | 123/393 [00:00<00:02, 126.98it/s]
Loading weights:  36%|███▌      | 140/393 [00:00<00:02, 110.76it/s]
Loading weights:  39%|███▉      | 154/393 [00:01<00:02, 96.28it/s]
Loading weights:  42%|████▏     | 166/393 [00:01<00:02, 88.32it/s]
Loading weights:  45%|████▍     | 176/393 [00:01<00:02, 83.64it/s]
Loading weights: 100%|██████████| 393/393 [00:01<00:00, 248.70it/s]
[4/4] Reranker loaded
[Production 1/20] Nhân viên được nghỉ bao nhiêu ngày khi kết hôn?
[Production 2/20] Bảo hiểm sức khỏe PVI có hạn mức bao nhiêu cho nhân viên?
[Production 3/20] Phụ cấp ăn trưa hàng tháng là bao nhiêu?
[Production 4/20] Nhân viên được nghỉ bao nhiêu ngày phép năm?
[Production 5/20] Thâm niên bao nhiêu năm thì được cộng thêm ngày phép?
[Production 6/20] Mật khẩu phải có tối thiểu bao nhiêu ký tự?
[Production 7/20] Bao lâu phải đổi mật khẩu một lần?
[Production 8/20] Có cần kích hoạt xác thực đa yếu tố (MFA) không?
[Production 9/20] Nhân viên thử việc có được nghỉ phép năm không?
[Production 10/20] Khi phát hiện malware trên máy, nhân viên có nên tự xử lý không?
[Production 11/20] Nhân viên thử việc có được hưởng bảo hiểm sức khỏe PVI không?
[Production 12/20] Một nhân viên Senior có 9 năm thâm niên được nghỉ bao nhiêu ngày
[Production 13/20] Nếu cần mua một chiếc laptop 30 triệu cho nhân viên mới, ai phê d
[Production 14/20] Nhân viên được tài trợ khóa học 25 triệu, nghỉ việc sau 8 tháng h
[Production 15/20] Mentor và buddy của nhân viên mới có thể là cùng một người không?
[Production 16/20] Muốn mua thiết bị trị giá 55 triệu cần ai phê duyệt?
[Production 17/20] Nhân viên tạm ứng 15 triệu, sau 20 ngày mới thanh toán. Bị phạt b
[Production 18/20] Lương thử việc của nhân viên Junior mức cao nhất là bao nhiêu?
[Production 19/20] Thông tin lương thuộc cấp độ phân loại dữ liệu nào?
[Production 20/20] Nghỉ phép không lương 20 ngày cần ai phê duyệt?

Evaluating:   0%|          | 0/80 [00:00<?, ?it/s]
Evaluating:   1%|▏         | 1/80 [00:05<06:36,  5.02s/it]
Evaluating:   2%|▎         | 2/80 [00:05<03:13,  2.49s/it]
Evaluating:   5%|▌         | 4/80 [00:06<01:35,  1.26s/it]
Evaluating:   6%|▋         | 5/80 [00:06<01:09,  1.08it/s]
Evaluating:   8%|▊         | 6/80 [00:08<01:25,  1.16s/it]
Evaluating:  10%|█         | 8/80 [00:09<00:52,  1.37it/s]
Evaluating:  11%|█▏        | 9/80 [00:10<01:06,  1.07it/s]
Evaluating:  14%|█▍        | 11/80 [00:12<01:05,  1.05it/s]
Evaluating:  15%|█▌        | 12/80 [00:12<00:53,  1.26it/s]
Evaluating:  16%|█▋        | 13/80 [00:13<00:56,  1.19it/s]
Evaluating:  18%|█▊        | 14/80 [00:14<00:46,  1.43it/s]
Evaluating:  19%|█▉        | 15/80 [00:15<00:53,  1.22it/s]
Evaluating:  20%|██        | 16/80 [00:16<00:51,  1.25it/s]
Evaluating:  21%|██▏       | 17/80 [00:16<00:41,  1.51it/s]
Evaluating:  22%|██▎       | 18/80 [00:16<00:40,  1.55it/s]
Evaluating:  24%|██▍       | 19/80 [00:17<00:35,  1.74it/s]
Evaluating:  25%|██▌       | 20/80 [00:20<01:19,  1.33s/it]
Evaluating:  30%|███       | 24/80 [00:22<00:40,  1.37it/s]
Evaluating:  34%|███▍      | 27/80 [00:22<00:27,  1.94it/s]
Evaluating:  35%|███▌      | 28/80 [00:23<00:31,  1.63it/s]
Evaluating:  36%|███▋      | 29/80 [00:23<00:27,  1.86it/s]
Evaluating:  38%|███▊      | 30/80 [00:26<00:43,  1.16it/s]
Evaluating:  39%|███▉      | 31/80 [00:26<00:37,  1.32it/s]
Evaluating:  40%|████      | 32/80 [00:26<00:29,  1.63it/s]
Evaluating:  42%|████▎     | 34/80 [00:27<00:29,  1.56it/s]
Evaluating:  44%|████▍     | 35/80 [00:28<00:27,  1.65it/s]
Evaluating:  45%|████▌     | 36/80 [00:30<00:38,  1.15it/s]
Evaluating:  46%|████▋     | 37/80 [00:30<00:31,  1.38it/s]
Evaluating:  48%|████▊     | 38/80 [00:31<00:37,  1.11it/s]
Evaluating:  49%|████▉     | 39/80 [00:32<00:32,  1.28it/s]
Evaluating:  50%|█████     | 40/80 [00:32<00:24,  1.64it/s]
Evaluating:  51%|█████▏    | 41/80 [00:34<00:38,  1.02it/s]
Evaluating:  52%|█████▎    | 42/80 [00:34<00:28,  1.35it/s]
Evaluating:  54%|█████▍    | 43/80 [00:34<00:22,  1.65it/s]
Evaluating:  55%|█████▌    | 44/80 [00:36<00:29,  1.23it/s]
Evaluating:  57%|█████▊    | 46/80 [00:36<00:17,  1.97it/s]
Evaluating:  59%|█████▉    | 47/80 [00:36<00:16,  2.01it/s]
Evaluating:  60%|██████    | 48/80 [00:38<00:23,  1.37it/s]
Evaluating:  61%|██████▏   | 49/80 [00:38<00:17,  1.76it/s]
Evaluating:  64%|██████▍   | 51/80 [00:40<00:23,  1.24it/s]
Evaluating:  65%|██████▌   | 52/80 [00:40<00:18,  1.54it/s]
Evaluating:  66%|██████▋   | 53/80 [00:42<00:23,  1.14it/s]
Evaluating:  68%|██████▊   | 54/80 [00:43<00:22,  1.14it/s]
Evaluating:  69%|██████▉   | 55/80 [00:43<00:18,  1.34it/s]
Evaluating:  70%|███████   | 56/80 [00:46<00:29,  1.24s/it]
Evaluating:  71%|███████▏  | 57/80 [00:46<00:21,  1.06it/s]
Evaluating:  72%|███████▎  | 58/80 [00:46<00:16,  1.33it/s]
Evaluating:  74%|███████▍  | 59/80 [00:46<00:11,  1.79it/s]
Evaluating:  75%|███████▌  | 60/80 [00:49<00:25,  1.25s/it]
Evaluating:  76%|███████▋  | 61/80 [00:49<00:18,  1.00it/s]
Evaluating:  78%|███████▊  | 62/80 [00:50<00:13,  1.32it/s]
Evaluating:  79%|███████▉  | 63/80 [00:51<00:18,  1.07s/it]
Evaluating:  81%|████████▏ | 65/80 [00:52<00:09,  1.62it/s]
Evaluating:  82%|████████▎ | 66/80 [00:52<00:07,  1.84it/s]
Evaluating:  84%|████████▍ | 67/80 [00:53<00:09,  1.41it/s]
Evaluating:  85%|████████▌ | 68/80 [00:54<00:08,  1.37it/s]
Evaluating:  86%|████████▋ | 69/80 [00:56<00:10,  1.02it/s]
Evaluating:  88%|████████▊ | 70/80 [00:57<00:10,  1.01s/it]
Evaluating:  89%|████████▉ | 71/80 [00:57<00:07,  1.20it/s]
Evaluating:  90%|█████████ | 72/80 [00:58<00:07,  1.06it/s]
Evaluating:  91%|█████████▏| 73/80 [00:59<00:05,  1.25it/s]
Evaluating:  92%|█████████▎| 74/80 [00:59<00:04,  1.34it/s]
Evaluating:  94%|█████████▍| 75/80 [01:01<00:05,  1.09s/it]
Evaluating:  95%|█████████▌| 76/80 [01:03<00:05,  1.39s/it]
Evaluating:  98%|█████████▊| 78/80 [01:08<00:03,  1.76s/it]
Evaluating:  99%|█████████▉| 79/80 [01:09<00:01,  1.67s/it]
Evaluating: 100%|██████████| 80/80 [01:30<00:00,  6.70s/it]
Evaluating: 100%|██████████| 80/80 [01:30<00:00,  1.13s/it]
Report saved to C:\VIN_AI\LAB_18\K4-Track3A-DAY18-NguyenVanHuy-2A202602428-ProductionRAG\reports\ragas_report.json
Production evaluation status: success
  faithfulness: 0.8444
  answer_relevancy: 0.6771
  context_precision: 0.9292
  context_recall: 0.9500

📌 STEP 3: Comparison
----------------------------------------

Metric                       Basic   Production        Δ
-------------------------------------------------------
✓ faithfulness              0.7966       0.8444  +0.0479
  answer_relevancy          0.4920       0.6771  +0.1851
✓ context_precision         0.9250       0.9292  +0.0042
✓ context_recall            0.8833       0.9500  +0.0667

⏱️  Total time: 885.4s

📋 Next steps:
  1. Điền analysis/failure_analysis.md
  2. Viết analysis/reflections/reflection_[HọTên].md
  3. Chạy: python check_lab.py
